

================================================================
== Vivado HLS Report for 'energy'
================================================================
* Date:           Wed May 25 15:39:39 2022

* Version:        2017.2 (Build 1909853 on Thu Jun 15 18:55:24 MDT 2017)
* Project:        final_project_hls_energy
* Solution:       solution1
* Product family: zynq
* Target device:  xc7z010clg400-1


================================================================
== Performance Estimates
================================================================
+ Timing (ns): 
    * Summary: 
    +--------+-------+----------+------------+
    |  Clock | Target| Estimated| Uncertainty|
    +--------+-------+----------+------------+
    |ap_clk  |   8.00|      6.38|        1.00|
    +--------+-------+----------+------------+

+ Latency (clock cycles): 
    * Summary: 
    +-----+-----+-----+-----+---------+
    |  Latency  |  Interval | Pipeline|
    | min | max | min | max |   Type  |
    +-----+-----+-----+-----+---------+
    |    0|    0|    1|    1|   none  |
    +-----+-----+-----+-----+---------+

    + Detail: 
        * Instance: 
        N/A

        * Loop: 
        N/A



================================================================
== Utilization Estimates
================================================================
* Summary: 
+-----------------+---------+-------+-------+-------+
|       Name      | BRAM_18K| DSP48E|   FF  |  LUT  |
+-----------------+---------+-------+-------+-------+
|DSP              |        -|      1|      -|      -|
|Expression       |        -|      -|      -|      -|
|FIFO             |        -|      -|      -|      -|
|Instance         |        -|      -|      -|      -|
|Memory           |        -|      -|      -|      -|
|Multiplexer      |        -|      -|      -|     36|
|Register         |        -|      -|     18|      -|
+-----------------+---------+-------+-------+-------+
|Total            |        0|      1|     18|     36|
+-----------------+---------+-------+-------+-------+
|Available        |      120|     80|  35200|  17600|
+-----------------+---------+-------+-------+-------+
|Utilization (%)  |        0|      1|   ~0  |   ~0  |
+-----------------+---------+-------+-------+-------+

+ Detail: 
    * Instance: 
    N/A

    * DSP48: 
    +-------------------------+----------------------+-----------+
    |         Instance        |        Module        | Expression|
    +-------------------------+----------------------+-----------+
    |energy_mul_mul_16bkb_U0  |energy_mul_mul_16bkb  |  i0 * i0  |
    +-------------------------+----------------------+-----------+

    * Memory: 
    N/A

    * FIFO: 
    N/A

    * Expression: 
    N/A

    * Multiplexer: 
    +-----------------+----+-----------+-----+-----------+
    |       Name      | LUT| Input Size| Bits| Total Bits|
    +-----------------+----+-----------+-----+-----------+
    |x_ap_vld_in_sig  |   9|          2|    1|          2|
    |x_ap_vld_preg    |   9|          2|    1|          2|
    |x_blk_n          |   9|          2|    1|          2|
    |x_in_sig         |   9|          2|   16|         32|
    +-----------------+----+-----------+-----+-----------+
    |Total            |  36|          8|   19|         38|
    +-----------------+----+-----------+-----+-----------+

    * Register: 
    +---------------+----+----+-----+-----------+
    |      Name     | FF | LUT| Bits| Const Bits|
    +---------------+----+----+-----+-----------+
    |ap_CS_fsm      |   1|   0|    1|          0|
    |x_ap_vld_preg  |   1|   0|    1|          0|
    |x_preg         |  16|   0|   16|          0|
    +---------------+----+----+-----+-----------+
    |Total          |  18|   0|   18|          0|
    +---------------+----+----+-----+-----------+



================================================================
== Interface
================================================================
* Summary: 
+----------+-----+-----+--------------+--------------+--------------+
| RTL Ports| Dir | Bits|   Protocol   | Source Object|    C Type    |
+----------+-----+-----+--------------+--------------+--------------+
|ap_clk    |  in |    1| ap_ctrl_none |    energy    | return value |
|ap_rst    |  in |    1| ap_ctrl_none |    energy    | return value |
|y         | out |   16|    ap_vld    |       y      |    pointer   |
|y_ap_vld  | out |    1|    ap_vld    |       y      |    pointer   |
|x         |  in |   16|    ap_vld    |       x      |    scalar    |
|x_ap_vld  |  in |    1|    ap_vld    |       x      |    scalar    |
+----------+-----+-----+--------------+--------------+--------------+

